=== hilos=1 ===
-------------------------------------------------------------
STREAM version $Revision: 5.10 $
-------------------------------------------------------------
This system uses 8 bytes per array element.
-------------------------------------------------------------
Array size = 40000000 (elements), Offset = 0 (elements)
Memory per array = 305.2 MiB (= 0.3 GiB).
Total memory required = 915.5 MiB (= 0.9 GiB).
Each kernel will be executed 20 times.
 The *best* time for each kernel (excluding the first iteration)
 will be used to compute the reported bandwidth.
-------------------------------------------------------------
Number of Threads requested = 1
Number of Threads counted = 1
-------------------------------------------------------------
Your clock granularity/precision appears to be 1 microseconds.
Each test below will take on the order of 24693 microseconds.
   (= 24693 clock ticks)
Increase the size of the arrays if this shows that
you are not getting at least 20 clock ticks per test.
-------------------------------------------------------------
WARNING -- The above is only a rough guideline.
For best results, please be sure you know the
precision of your system timer.
-------------------------------------------------------------
Function    Best Rate MB/s  Avg time     Min time     Max time
Copy:           87575.2     0.007425     0.007308     0.007697
Scale:          85288.0     0.007648     0.007504     0.007863
Add:            93731.8     0.010491     0.010242     0.011377
Triad:          93777.7     0.010454     0.010237     0.010951
-------------------------------------------------------------
Solution Validates: avg error less than 1.000000e-13 on all three arrays
-------------------------------------------------------------
=== hilos=2 ===
-------------------------------------------------------------
STREAM version $Revision: 5.10 $
-------------------------------------------------------------
This system uses 8 bytes per array element.
-------------------------------------------------------------
Array size = 40000000 (elements), Offset = 0 (elements)
Memory per array = 305.2 MiB (= 0.3 GiB).
Total memory required = 915.5 MiB (= 0.9 GiB).
Each kernel will be executed 20 times.
 The *best* time for each kernel (excluding the first iteration)
 will be used to compute the reported bandwidth.
-------------------------------------------------------------
Number of Threads requested = 2
Number of Threads counted = 2
-------------------------------------------------------------
Your clock granularity/precision appears to be 1 microseconds.
Each test below will take on the order of 8338 microseconds.
   (= 8338 clock ticks)
Increase the size of the arrays if this shows that
you are not getting at least 20 clock ticks per test.
-------------------------------------------------------------
WARNING -- The above is only a rough guideline.
For best results, please be sure you know the
precision of your system timer.
-------------------------------------------------------------
Function    Best Rate MB/s  Avg time     Min time     Max time
Copy:          101911.7     0.006445     0.006280     0.006754
Scale:          99734.5     0.006723     0.006417     0.008069
Add:            96057.3     0.010303     0.009994     0.010971
Triad:          96229.5     0.010414     0.009976     0.012524
-------------------------------------------------------------
Solution Validates: avg error less than 1.000000e-13 on all three arrays
-------------------------------------------------------------
=== hilos=3 ===
-------------------------------------------------------------
STREAM version $Revision: 5.10 $
-------------------------------------------------------------
This system uses 8 bytes per array element.
-------------------------------------------------------------
Array size = 40000000 (elements), Offset = 0 (elements)
Memory per array = 305.2 MiB (= 0.3 GiB).
Total memory required = 915.5 MiB (= 0.9 GiB).
Each kernel will be executed 20 times.
 The *best* time for each kernel (excluding the first iteration)
 will be used to compute the reported bandwidth.
-------------------------------------------------------------
Number of Threads requested = 3
Number of Threads counted = 3
-------------------------------------------------------------
Your clock granularity/precision appears to be 1 microseconds.
Each test below will take on the order of 7310 microseconds.
   (= 7310 clock ticks)
Increase the size of the arrays if this shows that
you are not getting at least 20 clock ticks per test.
-------------------------------------------------------------
WARNING -- The above is only a rough guideline.
For best results, please be sure you know the
precision of your system timer.
-------------------------------------------------------------
Function    Best Rate MB/s  Avg time     Min time     Max time
Copy:          103228.5     0.006305     0.006200     0.006563
Scale:         101010.5     0.006452     0.006336     0.007322
Add:            97165.3     0.010044     0.009880     0.010306
Triad:          97193.5     0.010134     0.009877     0.011388
-------------------------------------------------------------
Solution Validates: avg error less than 1.000000e-13 on all three arrays
-------------------------------------------------------------
=== hilos=4 ===
-------------------------------------------------------------
STREAM version $Revision: 5.10 $
-------------------------------------------------------------
This system uses 8 bytes per array element.
-------------------------------------------------------------
Array size = 40000000 (elements), Offset = 0 (elements)
Memory per array = 305.2 MiB (= 0.3 GiB).
Total memory required = 915.5 MiB (= 0.9 GiB).
Each kernel will be executed 20 times.
 The *best* time for each kernel (excluding the first iteration)
 will be used to compute the reported bandwidth.
-------------------------------------------------------------
Number of Threads requested = 4
Number of Threads counted = 4
-------------------------------------------------------------
Your clock granularity/precision appears to be 1 microseconds.
Each test below will take on the order of 6935 microseconds.
   (= 6935 clock ticks)
Increase the size of the arrays if this shows that
you are not getting at least 20 clock ticks per test.
-------------------------------------------------------------
WARNING -- The above is only a rough guideline.
For best results, please be sure you know the
precision of your system timer.
-------------------------------------------------------------
Function    Best Rate MB/s  Avg time     Min time     Max time
Copy:          103161.1     0.006281     0.006204     0.006395
Scale:         101407.4     0.006378     0.006311     0.006716
Add:            97245.1     0.009950     0.009872     0.010375
Triad:          97186.5     0.009971     0.009878     0.010527
-------------------------------------------------------------
Solution Validates: avg error less than 1.000000e-13 on all three arrays
-------------------------------------------------------------
=== hilos=6 ===
-------------------------------------------------------------
STREAM version $Revision: 5.10 $
-------------------------------------------------------------
This system uses 8 bytes per array element.
-------------------------------------------------------------
Array size = 40000000 (elements), Offset = 0 (elements)
Memory per array = 305.2 MiB (= 0.3 GiB).
Total memory required = 915.5 MiB (= 0.9 GiB).
Each kernel will be executed 20 times.
 The *best* time for each kernel (excluding the first iteration)
 will be used to compute the reported bandwidth.
-------------------------------------------------------------
Number of Threads requested = 6
Number of Threads counted = 6
-------------------------------------------------------------
Your clock granularity/precision appears to be 1 microseconds.
Each test below will take on the order of 6712 microseconds.
   (= 6712 clock ticks)
Increase the size of the arrays if this shows that
you are not getting at least 20 clock ticks per test.
-------------------------------------------------------------
WARNING -- The above is only a rough guideline.
For best results, please be sure you know the
precision of your system timer.
-------------------------------------------------------------
Function    Best Rate MB/s  Avg time     Min time     Max time
Copy:          107006.1     0.006137     0.005981     0.006680
Scale:          97013.2     0.006805     0.006597     0.007850
Add:            97560.9     0.010048     0.009840     0.010569
Triad:          97591.6     0.010066     0.009837     0.010928
-------------------------------------------------------------
Solution Validates: avg error less than 1.000000e-13 on all three arrays
-------------------------------------------------------------
=== hilos=8 ===
-------------------------------------------------------------
STREAM version $Revision: 5.10 $
-------------------------------------------------------------
This system uses 8 bytes per array element.
-------------------------------------------------------------
Array size = 40000000 (elements), Offset = 0 (elements)
Memory per array = 305.2 MiB (= 0.3 GiB).
Total memory required = 915.5 MiB (= 0.9 GiB).
Each kernel will be executed 20 times.
 The *best* time for each kernel (excluding the first iteration)
 will be used to compute the reported bandwidth.
-------------------------------------------------------------
Number of Threads requested = 8
Number of Threads counted = 8
-------------------------------------------------------------
Your clock granularity/precision appears to be 1 microseconds.
Each test below will take on the order of 6515 microseconds.
   (= 6515 clock ticks)
Increase the size of the arrays if this shows that
you are not getting at least 20 clock ticks per test.
-------------------------------------------------------------
WARNING -- The above is only a rough guideline.
For best results, please be sure you know the
precision of your system timer.
-------------------------------------------------------------
Function    Best Rate MB/s  Avg time     Min time     Max time
Copy:          107044.5     0.006076     0.005979     0.006335
Scale:          97726.6     0.006671     0.006549     0.007038
Add:            97431.0     0.009979     0.009853     0.010318
Triad:          97402.7     0.009996     0.009856     0.010477
-------------------------------------------------------------
Solution Validates: avg error less than 1.000000e-13 on all three arrays
-------------------------------------------------------------
=== hilos=10 ===
-------------------------------------------------------------
STREAM version $Revision: 5.10 $
-------------------------------------------------------------
This system uses 8 bytes per array element.
-------------------------------------------------------------
Array size = 40000000 (elements), Offset = 0 (elements)
Memory per array = 305.2 MiB (= 0.3 GiB).
Total memory required = 915.5 MiB (= 0.9 GiB).
Each kernel will be executed 20 times.
 The *best* time for each kernel (excluding the first iteration)
 will be used to compute the reported bandwidth.
-------------------------------------------------------------
Number of Threads requested = 10
Number of Threads counted = 10
-------------------------------------------------------------
Your clock granularity/precision appears to be 1 microseconds.
Each test below will take on the order of 6317 microseconds.
   (= 6317 clock ticks)
Increase the size of the arrays if this shows that
you are not getting at least 20 clock ticks per test.
-------------------------------------------------------------
WARNING -- The above is only a rough guideline.
For best results, please be sure you know the
precision of your system timer.
-------------------------------------------------------------
Function    Best Rate MB/s  Avg time     Min time     Max time
Copy:          107074.4     0.006031     0.005977     0.006209
Scale:          96010.4     0.006736     0.006666     0.006888
Add:            97423.9     0.009970     0.009854     0.010244
Triad:          97452.2     0.009952     0.009851     0.010066
-------------------------------------------------------------
Solution Validates: avg error less than 1.000000e-13 on all three arrays
-------------------------------------------------------------
